Launching oom-before
scripts/experiment.sh: line 39:    23 Killed                  "$APP_BIN" > "$out/application.log" 2>&1
pid=23
started_utc=2026-10-02T05:44:11Z
command=/work/agent-app/agent-leak-app-arm64
observed_seconds=6
termination=application_exit
exit_code=137
samples=5
first_rss_kib=1548
last_rss_kib=43884
peak_rss_kib=43884
peak_cpu_one_core_percent=4.24
Launching oom-after
scripts/experiment.sh: line 39:   155 Killed                  "$APP_BIN" > "$out/application.log" 2>&1
pid=155
started_utc=2026-10-02T05:44:17Z
command=/work/agent-app/agent-leak-app-arm64
observed_seconds=12
termination=application_exit
exit_code=137
samples=11
first_rss_kib=1612
last_rss_kib=95108
peak_rss_kib=95108
peak_cpu_one_core_percent=5.08
Launching cpu-before
