>>> Starting Agent Boot Sequence...
[1/6] Checking User Account               [OK]
   ... Running as service user '501' (uid=501)
[2/6] Verifying Environment Variables     [OK]
   ... All required Envs correct
[3/6] Checking Required Files             [OK]
   ... Verified 'secret.key' with correct key string.
[4/6] Checking Port Availability          [OK]
   ... Port 15034 is available.
[5/6] Verifying Log Permission            [OK]
   ... Log directory is writable: /work/docs/evidence/20261002T054517Z-65731/cpu-before/app-logs
[6/6] Verifying Mission Environment       [OK]
   ... MEMORY_LIMIT=512MB, CPU_MAX_OCCUPY=100%, MULTI_THREAD_ENABLE=False
------------------------------------------------------------
All Boot Checks Passed!
Agent READY
2026-10-02 14:45:35,482 [INFO] [SafetyGuard] Process priority lowered (nice=10).
2026-10-02 14:45:35,483 [INFO] Agent listening at port 15034

==================================================
 [ Agent Initiate ] Resource Check 
==================================================
 [ MEMORY ] Limit: 512MB 		[ OK ]
 [ CPU    ] Limit: 100%  		[ WARNING: Recommend Under 50% ]
 [ THREAD ] Concurrency: False 		[ OK ]
--------------------------------------------------
 >>> SYSTEM STATUS: STABLE. STARTING WORKLOAD MONITORING...
==================================================

2026-10-02 14:45:37,494 [INFO] [CpuWorker] Started. Maximum CPU Limit: 100%
2026-10-02 14:45:37,496 [INFO] [CpuWorker] Current Load: 5.00%
2026-10-02 14:45:40,606 [INFO] [CpuWorker] Current Load: 8.65%
2026-10-02 14:45:43,726 [INFO] [CpuWorker] Current Load: 9.52%
2026-10-02 14:45:46,849 [INFO] [CpuWorker] Current Load: 16.38%
2026-10-02 14:45:49,968 [INFO] [CpuWorker] Current Load: 22.48%
2026-10-02 14:45:53,094 [INFO] [CpuWorker] Current Load: 28.30%
2026-10-02 14:45:56,214 [INFO] [CpuWorker] Current Load: 29.47%
2026-10-02 14:45:59,326 [INFO] [CpuWorker] Current Load: 32.75%
2026-10-02 14:46:02,447 [INFO] [CpuWorker] Current Load: 34.62%
2026-10-02 14:46:05,560 [INFO] [CpuWorker] Current Load: 40.18%
2026-10-02 14:46:08,671 [INFO] [CpuWorker] Current Load: 47.05%
2026-10-02 14:46:11,793 [INFO] [CpuWorker] Current Load: 51.20%
2026-10-02 14:46:11,894 [CRITICAL] [CpuWorker] CPU Threshold Violated! (51.199999999999996%).
