Launching oom-before
pid=25
started_utc=2026-10-04T05:49:29Z
command=/work/agent-app/agent-leak-app-arm64
observation_end_utc=2026-10-04T05:49:35Z
observed_seconds=6
termination=application_exit
exit_code=137
samples=5
first_rss_kib=4404
last_rss_kib=46700
peak_rss_kib=46700
peak_cpu_one_core_percent=5.08
Launching oom-after
pid=200
started_utc=2026-10-04T05:49:35Z
command=/work/agent-app/agent-leak-app-arm64
observation_end_utc=2026-10-04T05:49:47Z
observed_seconds=12
termination=application_exit
exit_code=137
samples=11
first_rss_kib=4420
last_rss_kib=97908
peak_rss_kib=97908
peak_cpu_one_core_percent=5.88
Launching cpu-before
pid=564
started_utc=2026-10-04T05:49:47Z
command=/work/agent-app/agent-leak-app-arm64
observation_end_utc=2026-10-04T05:50:18Z
observed_seconds=31
termination=application_exit
exit_code=143
samples=30
first_rss_kib=4424
last_rss_kib=21172
peak_rss_kib=21172
peak_cpu_one_core_percent=5.04
Launching cpu-after
pid=1507
started_utc=2026-10-04T05:50:18Z
command=/work/agent-app/agent-leak-app-arm64
observation_end_utc=2026-10-04T05:51:18Z
observed_seconds=60
termination=experiment_timeout
exit_code=0
samples=58
first_rss_kib=4432
last_rss_kib=507860
peak_rss_kib=507860
peak_cpu_one_core_percent=5.08
Launching deadlock-before
pid=3327
started_utc=2026-10-04T05:51:20Z
command=/work/agent-app/agent-leak-app-arm64
observation_end_utc=2026-10-04T05:52:20Z
observed_seconds=60
termination=experiment_timeout
exit_code=0
samples=59
first_rss_kib=4428
last_rss_kib=21232
peak_rss_kib=21232
peak_cpu_one_core_percent=5.04
Launching deadlock-after
pid=5177
started_utc=2026-10-04T05:52:22Z
command=/work/agent-app/agent-leak-app-arm64
observation_end_utc=2026-10-04T05:53:22Z
observed_seconds=60
termination=experiment_timeout
exit_code=0
samples=58
first_rss_kib=4436
last_rss_kib=507852
peak_rss_kib=507852
peak_cpu_one_core_percent=4.24
