Launching oom-before
pid=23
started_utc=2026-10-02T05:43:48Z
command=/work/agent-app/agent-leak-app-arm64
observed_seconds=1
termination=application_exit
exit_code=127
samples=1
first_rss_kib=1612
last_rss_kib=1612
peak_rss_kib=1612
peak_cpu_one_core_percent=0.00
Launching oom-after
pid=63
started_utc=2026-10-02T05:43:49Z
command=/work/agent-app/agent-leak-app-arm64
observed_seconds=1
termination=application_exit
exit_code=127
samples=1
first_rss_kib=1608
last_rss_kib=1608
peak_rss_kib=1608
peak_cpu_one_core_percent=0.00
Launching cpu-before
pid=103
started_utc=2026-10-02T05:43:50Z
command=/work/agent-app/agent-leak-app-arm64
observed_seconds=1
termination=application_exit
exit_code=127
samples=1
first_rss_kib=1612
last_rss_kib=1612
peak_rss_kib=1612
peak_cpu_one_core_percent=0.00
Launching cpu-after
pid=143
started_utc=2026-10-02T05:43:52Z
command=/work/agent-app/agent-leak-app-arm64
observed_seconds=1
termination=application_exit
exit_code=127
samples=1
first_rss_kib=1608
last_rss_kib=1608
peak_rss_kib=1608
peak_cpu_one_core_percent=0.00
Launching deadlock-before
pid=183
started_utc=2026-10-02T05:43:53Z
command=/work/agent-app/agent-leak-app-arm64
observed_seconds=1
termination=application_exit
exit_code=127
samples=1
first_rss_kib=1596
last_rss_kib=1596
peak_rss_kib=1596
peak_cpu_one_core_percent=0.00
Launching deadlock-after
pid=223
started_utc=2026-10-02T05:43:54Z
command=/work/agent-app/agent-leak-app-arm64
observed_seconds=1
termination=application_exit
exit_code=127
samples=1
first_rss_kib=1608
last_rss_kib=1608
peak_rss_kib=1608
peak_cpu_one_core_percent=0.00
