>>> Starting Agent Boot Sequence...
[1/6] Checking User Account               [OK]
   ... Running as service user '501' (uid=501)
[2/6] Verifying Environment Variables     [OK]
   ... All required Envs correct
[3/6] Checking Required Files             [OK]
   ... Verified 'secret.key' with correct key string.
[4/6] Checking Port Availability          [OK]
   ... Port 15034 is available.
[5/6] Verifying Log Permission            [OK]
   ... Log directory is writable: /work/docs/evidence/20261002T054517Z-65731/deadlock-after/app-logs
[6/6] Verifying Mission Environment       [OK]
   ... MEMORY_LIMIT=512MB, CPU_MAX_OCCUPY=100%, MULTI_THREAD_ENABLE=False
------------------------------------------------------------
All Boot Checks Passed!
Agent READY
2026-10-02 14:47:27,078 [INFO] [SafetyGuard] Process priority lowered (nice=10).
2026-10-02 14:47:27,078 [INFO] Agent listening at port 15034

==================================================
 [ Agent Initiate ] Resource Check 
==================================================
 [ MEMORY ] Limit: 512MB 		[ OK ]
 [ CPU    ] Limit: 100%  		[ WARNING: Recommend Under 50% ]
 [ THREAD ] Concurrency: False 		[ OK ]
--------------------------------------------------
 >>> SYSTEM STATUS: STABLE. STARTING WORKLOAD MONITORING...
==================================================

2026-10-02 14:47:29,091 [INFO] [CpuWorker] Started. Maximum CPU Limit: 100%
2026-10-02 14:47:29,092 [INFO] [CpuWorker] Current Load: 5.00%
2026-10-02 14:47:32,204 [INFO] [CpuWorker] Current Load: 14.81%
2026-10-02 14:47:35,320 [INFO] [CpuWorker] Current Load: 19.01%
2026-10-02 14:47:38,442 [INFO] [CpuWorker] Current Load: 24.83%
2026-10-02 14:47:41,559 [INFO] [CpuWorker] Current Load: 27.16%
2026-10-02 14:47:44,681 [INFO] [CpuWorker] Current Load: 29.51%
2026-10-02 14:47:47,804 [INFO] [CpuWorker] Current Load: 39.23%
2026-10-02 14:47:50,923 [INFO] [CpuWorker] Current Load: 40.17%
2026-10-02 14:47:54,044 [INFO] [CpuWorker] Current Load: 49.93%
